test test stuff and things and more 
